// Jest Snapshot v1, https://goo.gl/fbAQLP

exports[`Board component Snapshot test 1`] = `
<div>
  <div>
    <div>
      Remaining Flags: 
      10
    </div>
    <br />
    <h1
      className="loseColor"
    >
       
    </h1>
  </div>
  <br />
  <div>
    <table>
      <tbody>
        <tr>
          <td
            className="hidden"
          >
            <div
              className="cell"
              onClick={[Function]}
            />
          </td>
          <td
            className="hidden"
          >
            <div
              className="cell"
              onClick={[Function]}
            />
          </td>
          <td
            className="hidden"
          >
            <div
              className="cell"
              onClick={[Function]}
            />
          </td>
          <td
            className="hidden"
          >
            <div
              className="cell"
              onClick={[Function]}
            />
          </td>
          <td
            className="hidden"
          >
            <div
              className="cell"
              onClick={[Function]}
            />
          </td>
          <td
            className="hidden"
          >
            <div
              className="cell"
              onClick={[Function]}
            />
          </td>
          <td
            className="hidden"
          >
            <div
              className="cell"
              onClick={[Function]}
            />
          </td>
          <td
            className="hidden"
          >
            <div
              className="cell"
              onClick={[Function]}
            />
          </td>
          <td
            className="hidden"
          >
            <div
              className="cell"
              onClick={[Function]}
            />
          </td>
          <td
            className="hidden"
          >
            <div
              className="cell"
              onClick={[Function]}
            />
          </td>
        </tr>
        <tr>
          <td
            className="hidden"
          >
            <div
              className="cell"
              onClick={[Function]}
            />
          </td>
          <td
            className="hidden"
          >
            <div
              className="cell"
              onClick={[Function]}
            />
          </td>
          <td
            className="hidden"
          >
            <div
              className="cell"
              onClick={[Function]}
            />
          </td>
          <td
            className="hidden"
          >
            <div
              className="cell"
              onClick={[Function]}
            />
          </td>
          <td
            className="hidden"
          >
            <div
              className="cell"
              onClick={[Function]}
            />
          </td>
          <td
            className="hidden"
          >
            <div
              className="cell"
              onClick={[Function]}
            />
          </td>
          <td
            className="hidden"
          >
            <div
              className="cell"
              onClick={[Function]}
            />
          </td>
          <td
            className="hidden"
          >
            <div
              className="cell"
              onClick={[Function]}
            />
          </td>
          <td
            className="hidden"
          >
            <div
              className="cell"
              onClick={[Function]}
            />
          </td>
          <td
            className="hidden"
          >
            <div
              className="cell"
              onClick={[Function]}
            />
          </td>
        </tr>
        <tr>
          <td
            className="hidden"
          >
            <div
              className="cell"
              onClick={[Function]}
            />
          </td>
          <td
            className="hidden"
          >
            <div
              className="cell"
              onClick={[Function]}
            />
          </td>
          <td
            className="hidden"
          >
            <div
              className="cell"
              onClick={[Function]}
            />
          </td>
          <td
            className="hidden"
          >
            <div
              className="cell"
              onClick={[Function]}
            />
          </td>
          <td
            className="hidden"
          >
            <div
              className="cell"
              onClick={[Function]}
            />
          </td>
          <td
            className="hidden"
          >
            <div
              className="cell"
              onClick={[Function]}
            />
          </td>
          <td
            className="hidden"
          >
            <div
              className="cell"
              onClick={[Function]}
            />
          </td>
          <td
            className="hidden"
          >
            <div
              className="cell"
              onClick={[Function]}
            />
          </td>
          <td
            className="hidden"
          >
            <div
              className="cell"
              onClick={[Function]}
            />
          </td>
          <td
            className="hidden"
          >
            <div
              className="cell"
              onClick={[Function]}
            />
          </td>
        </tr>
        <tr>
          <td
            className="hidden"
          >
            <div
              className="cell"
              onClick={[Function]}
            />
          </td>
          <td
            className="hidden"
          >
            <div
              className="cell"
              onClick={[Function]}
            />
          </td>
          <td
            className="hidden"
          >
            <div
              className="cell"
              onClick={[Function]}
            />
          </td>
          <td
            className="hidden"
          >
            <div
              className="cell"
              onClick={[Function]}
            />
          </td>
          <td
            className="hidden"
          >
            <div
              className="cell"
              onClick={[Function]}
            />
          </td>
          <td
            className="hidden"
          >
            <div
              className="cell"
              onClick={[Function]}
            />
          </td>
          <td
            className="hidden"
          >
            <div
              className="cell"
              onClick={[Function]}
            />
          </td>
          <td
            className="hidden"
          >
            <div
              className="cell"
              onClick={[Function]}
            />
          </td>
          <td
            className="hidden"
          >
            <div
              className="cell"
              onClick={[Function]}
            />
          </td>
          <td
            className="hidden"
          >
            <div
              className="cell"
              onClick={[Function]}
            />
          </td>
        </tr>
        <tr>
          <td
            className="hidden"
          >
            <div
              className="cell"
              onClick={[Function]}
            />
          </td>
          <td
            className="hidden"
          >
            <div
              className="cell"
              onClick={[Function]}
            />
          </td>
          <td
            className="hidden"
          >
            <div
              className="cell"
              onClick={[Function]}
            />
          </td>
          <td
            className="hidden"
          >
            <div
              className="cell"
              onClick={[Function]}
            />
          </td>
          <td
            className="hidden"
          >
            <div
              className="cell"
              onClick={[Function]}
            />
          </td>
          <td
            className="hidden"
          >
            <div
              className="cell"
              onClick={[Function]}
            />
          </td>
          <td
            className="hidden"
          >
            <div
              className="cell"
              onClick={[Function]}
            />
          </td>
          <td
            className="hidden"
          >
            <div
              className="cell"
              onClick={[Function]}
            />
          </td>
          <td
            className="hidden"
          >
            <div
              className="cell"
              onClick={[Function]}
            />
          </td>
          <td
            className="hidden"
          >
            <div
              className="cell"
              onClick={[Function]}
            />
          </td>
        </tr>
        <tr>
          <td
            className="hidden"
          >
            <div
              className="cell"
              onClick={[Function]}
            />
          </td>
          <td
            className="hidden"
          >
            <div
              className="cell"
              onClick={[Function]}
            />
          </td>
          <td
            className="hidden"
          >
            <div
              className="cell"
              onClick={[Function]}
            />
          </td>
          <td
            className="hidden"
          >
            <div
              className="cell"
              onClick={[Function]}
            />
          </td>
          <td
            className="hidden"
          >
            <div
              className="cell"
              onClick={[Function]}
            />
          </td>
          <td
            className="hidden"
          >
            <div
              className="cell"
              onClick={[Function]}
            />
          </td>
          <td
            className="hidden"
          >
            <div
              className="cell"
              onClick={[Function]}
            />
          </td>
          <td
            className="hidden"
          >
            <div
              className="cell"
              onClick={[Function]}
            />
          </td>
          <td
            className="hidden"
          >
            <div
              className="cell"
              onClick={[Function]}
            />
          </td>
          <td
            className="hidden"
          >
            <div
              className="cell"
              onClick={[Function]}
            />
          </td>
        </tr>
        <tr>
          <td
            className="hidden"
          >
            <div
              className="cell"
              onClick={[Function]}
            />
          </td>
          <td
            className="hidden"
          >
            <div
              className="cell"
              onClick={[Function]}
            />
          </td>
          <td
            className="hidden"
          >
            <div
              className="cell"
              onClick={[Function]}
            />
          </td>
          <td
            className="hidden"
          >
            <div
              className="cell"
              onClick={[Function]}
            />
          </td>
          <td
            className="hidden"
          >
            <div
              className="cell"
              onClick={[Function]}
            />
          </td>
          <td
            className="hidden"
          >
            <div
              className="cell"
              onClick={[Function]}
            />
          </td>
          <td
            className="hidden"
          >
            <div
              className="cell"
              onClick={[Function]}
            />
          </td>
          <td
            className="hidden"
          >
            <div
              className="cell"
              onClick={[Function]}
            />
          </td>
          <td
            className="hidden"
          >
            <div
              className="cell"
              onClick={[Function]}
            />
          </td>
          <td
            className="hidden"
          >
            <div
              className="cell"
              onClick={[Function]}
            />
          </td>
        </tr>
        <tr>
          <td
            className="hidden"
          >
            <div
              className="cell"
              onClick={[Function]}
            />
          </td>
          <td
            className="hidden"
          >
            <div
              className="cell"
              onClick={[Function]}
            />
          </td>
          <td
            className="hidden"
          >
            <div
              className="cell"
              onClick={[Function]}
            />
          </td>
          <td
            className="hidden"
          >
            <div
              className="cell"
              onClick={[Function]}
            />
          </td>
          <td
            className="hidden"
          >
            <div
              className="cell"
              onClick={[Function]}
            />
          </td>
          <td
            className="hidden"
          >
            <div
              className="cell"
              onClick={[Function]}
            />
          </td>
          <td
            className="hidden"
          >
            <div
              className="cell"
              onClick={[Function]}
            />
          </td>
          <td
            className="hidden"
          >
            <div
              className="cell"
              onClick={[Function]}
            />
          </td>
          <td
            className="hidden"
          >
            <div
              className="cell"
              onClick={[Function]}
            />
          </td>
          <td
            className="hidden"
          >
            <div
              className="cell"
              onClick={[Function]}
            />
          </td>
        </tr>
        <tr>
          <td
            className="hidden"
          >
            <div
              className="cell"
              onClick={[Function]}
            />
          </td>
          <td
            className="hidden"
          >
            <div
              className="cell"
              onClick={[Function]}
            />
          </td>
          <td
            className="hidden"
          >
            <div
              className="cell"
              onClick={[Function]}
            />
          </td>
          <td
            className="hidden"
          >
            <div
              className="cell"
              onClick={[Function]}
            />
          </td>
          <td
            className="hidden"
          >
            <div
              className="cell"
              onClick={[Function]}
            />
          </td>
          <td
            className="hidden"
          >
            <div
              className="cell"
              onClick={[Function]}
            />
          </td>
          <td
            className="hidden"
          >
            <div
              className="cell"
              onClick={[Function]}
            />
          </td>
          <td
            className="hidden"
          >
            <div
              className="cell"
              onClick={[Function]}
            />
          </td>
          <td
            className="hidden"
          >
            <div
              className="cell"
              onClick={[Function]}
            />
          </td>
          <td
            className="hidden"
          >
            <div
              className="cell"
              onClick={[Function]}
            />
          </td>
        </tr>
        <tr>
          <td
            className="hidden"
          >
            <div
              className="cell"
              onClick={[Function]}
            />
          </td>
          <td
            className="hidden"
          >
            <div
              className="cell"
              onClick={[Function]}
            />
          </td>
          <td
            className="hidden"
          >
            <div
              className="cell"
              onClick={[Function]}
            />
          </td>
          <td
            className="hidden"
          >
            <div
              className="cell"
              onClick={[Function]}
            />
          </td>
          <td
            className="hidden"
          >
            <div
              className="cell"
              onClick={[Function]}
            />
          </td>
          <td
            className="hidden"
          >
            <div
              className="cell"
              onClick={[Function]}
            />
          </td>
          <td
            className="hidden"
          >
            <div
              className="cell"
              onClick={[Function]}
            />
          </td>
          <td
            className="hidden"
          >
            <div
              className="cell"
              onClick={[Function]}
            />
          </td>
          <td
            className="hidden"
          >
            <div
              className="cell"
              onClick={[Function]}
            />
          </td>
          <td
            className="hidden"
          >
            <div
              className="cell"
              onClick={[Function]}
            />
          </td>
        </tr>
      </tbody>
    </table>
  </div>
</div>
`;
